127.0.0.1 - - [18/Dec/2025:08:57:34 +0900] "GET / HTTP/1.1" 404 895
0:0:0:0:0:0:0:1 - - [18/Dec/2025:11:02:42 +0900] "GET /Hello/HelloServlet HTTP/1.1" 404 917
0:0:0:0:0:0:0:1 - - [18/Dec/2025:11:02:42 +0900] "GET /favicon.ico HTTP/1.1" 404 906
0:0:0:0:0:0:0:1 - - [18/Dec/2025:11:03:42 +0900] "GET /Hello/HelloServlet HTTP/1.1" 404 917
0:0:0:0:0:0:0:1 - - [18/Dec/2025:11:07:22 +0900] "GET /Hello/HelloServlet/ HTTP/1.1" 404 922
0:0:0:0:0:0:0:1 - - [18/Dec/2025:11:07:28 +0900] "GET /Hello/HelloServlet HTTP/1.1" 404 917
0:0:0:0:0:0:0:1 - - [18/Dec/2025:11:10:56 +0900] "GET /Hello/HelloServlet HTTP/1.1" 404 917
127.0.0.1 - - [18/Dec/2025:11:11:10 +0900] "GET / HTTP/1.1" 404 895
0:0:0:0:0:0:0:1 - - [18/Dec/2025:11:11:18 +0900] "GET /Hello/HelloServlet HTTP/1.1" 200 100
0:0:0:0:0:0:0:1 - - [18/Dec/2025:11:32:37 +0900] "GET /Hello/HelloServlet HTTP/1.1" 200 100
0:0:0:0:0:0:0:1 - - [18/Dec/2025:11:32:38 +0900] "GET /Hello/HelloServlet HTTP/1.1" 200 100
0:0:0:0:0:0:0:1 - - [18/Dec/2025:11:32:38 +0900] "GET /Hello/HelloServlet HTTP/1.1" 200 100
0:0:0:0:0:0:0:1 - - [18/Dec/2025:11:32:39 +0900] "GET /Hello/HelloServlet HTTP/1.1" 200 100
127.0.0.1 - - [18/Dec/2025:11:33:23 +0900] "GET / HTTP/1.1" 404 895
0:0:0:0:0:0:0:1 - - [18/Dec/2025:11:33:27 +0900] "GET /Hello/HelloServlet HTTP/1.1" 404 917
127.0.0.1 - - [18/Dec/2025:11:33:54 +0900] "GET / HTTP/1.1" 404 895
0:0:0:0:0:0:0:1 - - [18/Dec/2025:11:34:01 +0900] "GET /Hello/HelloWorld HTTP/1.1" 200 100
127.0.0.1 - - [18/Dec/2025:11:44:55 +0900] "GET / HTTP/1.1" 404 895
0:0:0:0:0:0:0:1 - - [18/Dec/2025:11:45:15 +0900] "GET /Rensyu02/TableServlet HTTP/1.1" 200 292
127.0.0.1 - - [18/Dec/2025:11:46:07 +0900] "GET / HTTP/1.1" 404 895
0:0:0:0:0:0:0:1 - - [18/Dec/2025:11:46:09 +0900] "GET /Rensyu02/TableServlet HTTP/1.1" 200 304
127.0.0.1 - - [18/Dec/2025:11:50:50 +0900] "GET / HTTP/1.1" 404 895
0:0:0:0:0:0:0:1 - - [18/Dec/2025:11:51:14 +0900] "GET /Rensyu03/Hello5Servlet HTTP/1.1" 200 216
0:0:0:0:0:0:0:1 - - [18/Dec/2025:11:51:37 +0900] "GET /Rensyu03/Hello5Servlet HTTP/1.1" 200 251
127.0.0.1 - - [18/Dec/2025:11:51:37 +0900] "GET / HTTP/1.1" 404 895
127.0.0.1 - - [18/Dec/2025:11:51:59 +0900] "GET / HTTP/1.1" 404 895
0:0:0:0:0:0:0:1 - - [18/Dec/2025:11:52:01 +0900] "GET /Rensyu03/Hello5Servlet HTTP/1.1" 200 241
0:0:0:0:0:0:0:1 - - [18/Dec/2025:11:52:06 +0900] "GET /Rensyu03/Hello5Servlet HTTP/1.1" 200 241
127.0.0.1 - - [18/Dec/2025:11:53:32 +0900] "GET / HTTP/1.1" 404 895
0:0:0:0:0:0:0:1 - - [18/Dec/2025:11:53:34 +0900] "GET /Rensyu02/TableServlet HTTP/1.1" 200 304
127.0.0.1 - - [18/Dec/2025:14:33:11 +0900] "GET / HTTP/1.1" 404 895
0:0:0:0:0:0:0:1 - - [18/Dec/2025:14:38:35 +0900] "GET /ServletInput/input.html HTTP/1.1" 200 344
127.0.0.1 - - [18/Dec/2025:14:39:08 +0900] "GET / HTTP/1.1" 404 895
0:0:0:0:0:0:0:1 - - [18/Dec/2025:14:39:12 +0900] "GET /ServletInput/input.html HTTP/1.1" 304 -
0:0:0:0:0:0:0:1 - - [18/Dec/2025:14:39:26 +0900] "GET /ServletInput/input.htm HTTP/1.1" 404 921
0:0:0:0:0:0:0:1 - - [18/Dec/2025:14:40:57 +0900] "GET /ServletInput/input.html HTTP/1.1" 200 354
0:0:0:0:0:0:0:1 - - [18/Dec/2025:14:41:00 +0900] "GET /ServletInput/MessageServlet?message=%E3%83%A1%E3%83%83%E3%82%BB%E3%83%BC%E3%82%B8&num=5 HTTP/1.1" 200 80
0:0:0:0:0:0:0:1 - - [18/Dec/2025:14:41:11 +0900] "GET /ServletInput/MessageServlet?message=hello&num=5 HTTP/1.1" 200 80
127.0.0.1 - - [18/Dec/2025:14:42:28 +0900] "GET / HTTP/1.1" 404 895
0:0:0:0:0:0:0:1 - - [18/Dec/2025:14:42:32 +0900] "GET /ServletInput/MessageServlet?message=hello&num=5 HTTP/1.1" 200 85
0:0:0:0:0:0:0:1 - - [18/Dec/2025:14:42:44 +0900] "GET /ServletInput/MessageServlet?message=%E3%81%AF%E3%81%B2%E3%81%B5%E3%81%B8%E3%81%BB&num=10 HTTP/1.1" 200 240
0:0:0:0:0:0:0:1 - - [18/Dec/2025:14:43:57 +0900] "GET /ServletInput/MessageServlet?message=%E3%81%AF%E3%81%B2%E3%81%B5%E3%81%B8%E3%81%BB&num=10 HTTP/1.1" 200 240
0:0:0:0:0:0:0:1 - - [18/Dec/2025:14:44:28 +0900] "GET /ServletInput/input.html HTTP/1.1" 200 358
0:0:0:0:0:0:0:1 - - [18/Dec/2025:14:44:40 +0900] "GET /ServletInput/MessageServlet?message=%E3%83%A1%E3%83%83%E3%82%BB%E3%83%BC%E3%82%B8&num=0 HTTP/1.1" 200 30
0:0:0:0:0:0:0:1 - - [18/Dec/2025:14:44:47 +0900] "GET /ServletInput/MessageServlet?message=%E3%83%A1%E3%83%83%E3%82%BB%E3%83%BC%E3%82%B8&num=10 HTTP/1.1" 200 240
0:0:0:0:0:0:0:1 - - [18/Dec/2025:14:45:33 +0900] "GET /ServletInput/MessageServlet?message=%E3%83%A1%E3%83%83%E3%82%BB%E3%83%BC%E3%82%B8&num=10 HTTP/1.1" 200 240
0:0:0:0:0:0:0:1 - - [18/Dec/2025:14:45:35 +0900] "GET /ServletInput/input.html HTTP/1.1" 200 358
0:0:0:0:0:0:0:1 - - [18/Dec/2025:14:45:39 +0900] "GET /ServletInput/MessageServlet?message=%E3%83%A1%E3%83%83%E3%82%BB%E3%83%BC%E3%82%B8&num=4 HTTP/1.1" 200 114
0:0:0:0:0:0:0:1 - - [18/Dec/2025:14:47:09 +0900] "GET /ServletInput/MessageServlet?message=%E3%83%A1%E3%83%83%E3%82%BB%E3%83%BC%E3%82%B8&num=4 HTTP/1.1" 200 114
127.0.0.1 - - [18/Dec/2025:15:03:43 +0900] "GET / HTTP/1.1" 404 895
0:0:0:0:0:0:0:1 - - [18/Dec/2025:15:03:45 +0900] "GET /ServletInput/input.html HTTP/1.1" 200 359
0:0:0:0:0:0:0:1 - - [18/Dec/2025:15:03:51 +0900] "POST /ServletInput/MessageServlet HTTP/1.1" 200 135
0:0:0:0:0:0:0:1 - - [18/Dec/2025:15:11:34 +0900] "GET /Rensyu05/input.html HTTP/1.1" 404 918
127.0.0.1 - - [18/Dec/2025:15:11:48 +0900] "GET / HTTP/1.1" 404 895
0:0:0:0:0:0:0:1 - - [18/Dec/2025:15:11:50 +0900] "GET /Rensyu05/input.html HTTP/1.1" 404 918
127.0.0.1 - - [18/Dec/2025:15:12:19 +0900] "GET / HTTP/1.1" 404 895
0:0:0:0:0:0:0:1 - - [18/Dec/2025:15:12:20 +0900] "GET /Rensyu05/input.html HTTP/1.1" 200 359
0:0:0:0:0:0:0:1 - - [18/Dec/2025:15:16:08 +0900] "GET /Rensyu05/input.html HTTP/1.1" 200 282
127.0.0.1 - - [18/Dec/2025:15:16:16 +0900] "GET / HTTP/1.1" 404 895
0:0:0:0:0:0:0:1 - - [18/Dec/2025:15:16:24 +0900] "GET /Rensyu05/GreetingServlet?name=%E5%B1%B1%E7%94%B0%E5%A4%AA%E9%83%8E HTTP/1.1" 200 64
